[2025-07-10 04:24:25] local.ERROR: syntax error, unexpected variable "$user" {"exception":"[object] (ParseError(code: 0): syntax error, unexpected variable \"$user\" at C:\\Users\\Med Raslen\\Desktop\\UltimatePOS_v6.5\\app\\Http\\Controllers\\BusinessController.php:155)
[stacktrace]
#0 C:\\Users\\Med Raslen\\Desktop\\UltimatePOS_v6.5\\vendor\\composer\\ClassLoader.php(428): Composer\\Autoload\\includeFile('C:\\\\Users\\\\Med Ra...')
#1 [internal function]: Composer\\Autoload\\ClassLoader->loadClass('App\\\\Http\\\\Contro...')
#2 C:\\Users\\Med Raslen\\Desktop\\UltimatePOS_v6.5\\vendor\\laravel\\framework\\src\\Illuminate\\Routing\\Route.php(1091): is_a('App\\\\Http\\\\Contro...', 'Illuminate\\\\Rout...', true)
#3 C:\\Users\\Med Raslen\\Desktop\\UltimatePOS_v6.5\\vendor\\laravel\\framework\\src\\Illuminate\\Routing\\Route.php(1030): Illuminate\\Routing\\Route->controllerMiddleware()
#4 C:\\Users\\Med Raslen\\Desktop\\UltimatePOS_v6.5\\vendor\\laravel\\framework\\src\\Illuminate\\Routing\\Router.php(810): Illuminate\\Routing\\Route->gatherMiddleware()
#5 C:\\Users\\Med Raslen\\Desktop\\UltimatePOS_v6.5\\vendor\\laravel\\framework\\src\\Illuminate\\Routing\\Router.php(792): Illuminate\\Routing\\Router->gatherRouteMiddleware(Object(Illuminate\\Routing\\Route))
#6 C:\\Users\\Med Raslen\\Desktop\\UltimatePOS_v6.5\\vendor\\laravel\\framework\\src\\Illuminate\\Routing\\Router.php(776): Illuminate\\Routing\\Router->runRouteWithinStack(Object(Illuminate\\Routing\\Route), Object(Illuminate\\Http\\Request))
#7 C:\\Users\\Med Raslen\\Desktop\\UltimatePOS_v6.5\\vendor\\laravel\\framework\\src\\Illuminate\\Routing\\Router.php(740): Illuminate\\Routing\\Router->runRoute(Object(Illuminate\\Http\\Request), Object(Illuminate\\Routing\\Route))
#8 C:\\Users\\Med Raslen\\Desktop\\UltimatePOS_v6.5\\vendor\\laravel\\framework\\src\\Illuminate\\Routing\\Router.php(729): Illuminate\\Routing\\Router->dispatchToRoute(Object(Illuminate\\Http\\Request))
#9 C:\\Users\\Med Raslen\\Desktop\\UltimatePOS_v6.5\\vendor\\laravel\\framework\\src\\Illuminate\\Foundation\\Http\\Kernel.php(190): Illuminate\\Routing\\Router->dispatch(Object(Illuminate\\Http\\Request))
#10 C:\\Users\\Med Raslen\\Desktop\\UltimatePOS_v6.5\\vendor\\laravel\\framework\\src\\Illuminate\\Pipeline\\Pipeline.php(141): Illuminate\\Foundation\\Http\\Kernel->Illuminate\\Foundation\\Http\\{closure}(Object(Illuminate\\Http\\Request))
#11 C:\\Users\\Med Raslen\\Desktop\\UltimatePOS_v6.5\\vendor\\barryvdh\\laravel-debugbar\\src\\Middleware\\InjectDebugbar.php(66): Illuminate\\Pipeline\\Pipeline->Illuminate\\Pipeline\\{closure}(Object(Illuminate\\Http\\Request))
#12 C:\\Users\\Med Raslen\\Desktop\\UltimatePOS_v6.5\\vendor\\laravel\\framework\\src\\Illuminate\\Pipeline\\Pipeline.php(180): Barryvdh\\Debugbar\\Middleware\\InjectDebugbar->handle(Object(Illuminate\\Http\\Request), Object(Closure))
#13 C:\\Users\\Med Raslen\\Desktop\\UltimatePOS_v6.5\\vendor\\laravel\\framework\\src\\Illuminate\\Foundation\\Http\\Middleware\\TransformsRequest.php(21): Illuminate\\Pipeline\\Pipeline->Illuminate\\Pipeline\\{closure}(Object(Illuminate\\Http\\Request))
#14 C:\\Users\\Med Raslen\\Desktop\\UltimatePOS_v6.5\\vendor\\laravel\\framework\\src\\Illuminate\\Foundation\\Http\\Middleware\\ConvertEmptyStringsToNull.php(31): Illuminate\\Foundation\\Http\\Middleware\\TransformsRequest->handle(Object(Illuminate\\Http\\Request), Object(Closure))
#15 C:\\Users\\Med Raslen\\Desktop\\UltimatePOS_v6.5\\vendor\\laravel\\framework\\src\\Illuminate\\Pipeline\\Pipeline.php(180): Illuminate\\Foundation\\Http\\Middleware\\ConvertEmptyStringsToNull->handle(Object(Illuminate\\Http\\Request), Object(Closure))
#16 C:\\Users\\Med Raslen\\Desktop\\UltimatePOS_v6.5\\vendor\\laravel\\framework\\src\\Illuminate\\Foundation\\Http\\Middleware\\TransformsRequest.php(21): Illuminate\\Pipeline\\Pipeline->Illuminate\\Pipeline\\{closure}(Object(Illuminate\\Http\\Request))
#17 C:\\Users\\Med Raslen\\Desktop\\UltimatePOS_v6.5\\vendor\\laravel\\framework\\src\\Illuminate\\Foundation\\Http\\Middleware\\TrimStrings.php(40): Illuminate\\Foundation\\Http\\Middleware\\TransformsRequest->handle(Object(Illuminate\\Http\\Request), Object(Closure))
#18 C:\\Users\\Med Raslen\\Desktop\\UltimatePOS_v6.5\\vendor\\laravel\\framework\\src\\Illuminate\\Pipeline\\Pipeline.php(180): Illuminate\\Foundation\\Http\\Middleware\\TrimStrings->handle(Object(Illuminate\\Http\\Request), Object(Closure))
#19 C:\\Users\\Med Raslen\\Desktop\\UltimatePOS_v6.5\\vendor\\laravel\\framework\\src\\Illuminate\\Foundation\\Http\\Middleware\\ValidatePostSize.php(27): Illuminate\\Pipeline\\Pipeline->Illuminate\\Pipeline\\{closure}(Object(Illuminate\\Http\\Request))
#20 C:\\Users\\Med Raslen\\Desktop\\UltimatePOS_v6.5\\vendor\\laravel\\framework\\src\\Illuminate\\Pipeline\\Pipeline.php(180): Illuminate\\Foundation\\Http\\Middleware\\ValidatePostSize->handle(Object(Illuminate\\Http\\Request), Object(Closure))
#21 C:\\Users\\Med Raslen\\Desktop\\UltimatePOS_v6.5\\vendor\\laravel\\framework\\src\\Illuminate\\Foundation\\Http\\Middleware\\PreventRequestsDuringMaintenance.php(86): Illuminate\\Pipeline\\Pipeline->Illuminate\\Pipeline\\{closure}(Object(Illuminate\\Http\\Request))
#22 C:\\Users\\Med Raslen\\Desktop\\UltimatePOS_v6.5\\vendor\\laravel\\framework\\src\\Illuminate\\Pipeline\\Pipeline.php(180): Illuminate\\Foundation\\Http\\Middleware\\PreventRequestsDuringMaintenance->handle(Object(Illuminate\\Http\\Request), Object(Closure))
#23 C:\\Users\\Med Raslen\\Desktop\\UltimatePOS_v6.5\\vendor\\laravel\\framework\\src\\Illuminate\\Http\\Middleware\\HandleCors.php(49): Illuminate\\Pipeline\\Pipeline->Illuminate\\Pipeline\\{closure}(Object(Illuminate\\Http\\Request))
#24 C:\\Users\\Med Raslen\\Desktop\\UltimatePOS_v6.5\\vendor\\laravel\\framework\\src\\Illuminate\\Pipeline\\Pipeline.php(180): Illuminate\\Http\\Middleware\\HandleCors->handle(Object(Illuminate\\Http\\Request), Object(Closure))
#25 C:\\Users\\Med Raslen\\Desktop\\UltimatePOS_v6.5\\vendor\\laravel\\framework\\src\\Illuminate\\Http\\Middleware\\TrustProxies.php(39): Illuminate\\Pipeline\\Pipeline->Illuminate\\Pipeline\\{closure}(Object(Illuminate\\Http\\Request))
#26 C:\\Users\\Med Raslen\\Desktop\\UltimatePOS_v6.5\\vendor\\laravel\\framework\\src\\Illuminate\\Pipeline\\Pipeline.php(180): Illuminate\\Http\\Middleware\\TrustProxies->handle(Object(Illuminate\\Http\\Request), Object(Closure))
#27 C:\\Users\\Med Raslen\\Desktop\\UltimatePOS_v6.5\\vendor\\laravel\\framework\\src\\Illuminate\\Pipeline\\Pipeline.php(116): Illuminate\\Pipeline\\Pipeline->Illuminate\\Pipeline\\{closure}(Object(Illuminate\\Http\\Request))
#28 C:\\Users\\Med Raslen\\Desktop\\UltimatePOS_v6.5\\vendor\\laravel\\framework\\src\\Illuminate\\Foundation\\Http\\Kernel.php(165): Illuminate\\Pipeline\\Pipeline->then(Object(Closure))
#29 C:\\Users\\Med Raslen\\Desktop\\UltimatePOS_v6.5\\vendor\\laravel\\framework\\src\\Illuminate\\Foundation\\Http\\Kernel.php(134): Illuminate\\Foundation\\Http\\Kernel->sendRequestThroughRouter(Object(Illuminate\\Http\\Request))
#30 C:\\Users\\Med Raslen\\Desktop\\UltimatePOS_v6.5\\public\\index.php(52): Illuminate\\Foundation\\Http\\Kernel->handle(Object(Illuminate\\Http\\Request))
#31 C:\\Users\\Med Raslen\\Desktop\\UltimatePOS_v6.5\\vendor\\laravel\\framework\\src\\Illuminate\\Foundation\\resources\\server.php(16): require_once('C:\\\\Users\\\\Med Ra...')
#32 {main}
"} 
[2025-07-10 04:24:25] local.ERROR: syntax error, unexpected variable "$user" {"exception":"[object] (ParseError(code: 0): syntax error, unexpected variable \"$user\" at C:\\Users\\Med Raslen\\Desktop\\UltimatePOS_v6.5\\app\\Http\\Controllers\\BusinessController.php:155)
[stacktrace]
#0 C:\\Users\\Med Raslen\\Desktop\\UltimatePOS_v6.5\\vendor\\composer\\ClassLoader.php(428): Composer\\Autoload\\includeFile('C:\\\\Users\\\\Med Ra...')
#1 [internal function]: Composer\\Autoload\\ClassLoader->loadClass('App\\\\Http\\\\Contro...')
#2 C:\\Users\\Med Raslen\\Desktop\\UltimatePOS_v6.5\\vendor\\barryvdh\\laravel-debugbar\\src\\DataCollector\\RouteCollector.php(93): class_exists('App\\\\Http\\\\Contro...')
#3 C:\\Users\\Med Raslen\\Desktop\\UltimatePOS_v6.5\\vendor\\barryvdh\\laravel-debugbar\\src\\DataCollector\\RouteCollector.php(63): Barryvdh\\Debugbar\\DataCollector\\RouteCollector->getRouteInformation(Object(Illuminate\\Routing\\Route))
#4 C:\\Users\\Med Raslen\\Desktop\\UltimatePOS_v6.5\\vendor\\barryvdh\\laravel-debugbar\\src\\LaravelDebugbar.php(872): Barryvdh\\Debugbar\\DataCollector\\RouteCollector->collect()
#5 C:\\Users\\Med Raslen\\Desktop\\UltimatePOS_v6.5\\vendor\\maximebf\\debugbar\\src\\DebugBar\\DebugBar.php(265): Barryvdh\\Debugbar\\LaravelDebugbar->collect()
#6 C:\\Users\\Med Raslen\\Desktop\\UltimatePOS_v6.5\\vendor\\maximebf\\debugbar\\src\\DebugBar\\JavascriptRenderer.php(1045): DebugBar\\DebugBar->getData()
#7 C:\\Users\\Med Raslen\\Desktop\\UltimatePOS_v6.5\\vendor\\barryvdh\\laravel-debugbar\\src\\LaravelDebugbar.php(912): DebugBar\\JavascriptRenderer->render()
#8 C:\\Users\\Med Raslen\\Desktop\\UltimatePOS_v6.5\\vendor\\barryvdh\\laravel-debugbar\\src\\LaravelDebugbar.php(793): Barryvdh\\Debugbar\\LaravelDebugbar->injectDebugbar(Object(Illuminate\\Http\\Response))
#9 C:\\Users\\Med Raslen\\Desktop\\UltimatePOS_v6.5\\vendor\\barryvdh\\laravel-debugbar\\src\\Middleware\\InjectDebugbar.php(72): Barryvdh\\Debugbar\\LaravelDebugbar->modifyResponse(Object(Illuminate\\Http\\Request), Object(Illuminate\\Http\\Response))
#10 C:\\Users\\Med Raslen\\Desktop\\UltimatePOS_v6.5\\vendor\\laravel\\framework\\src\\Illuminate\\Pipeline\\Pipeline.php(180): Barryvdh\\Debugbar\\Middleware\\InjectDebugbar->handle(Object(Illuminate\\Http\\Request), Object(Closure))
#11 C:\\Users\\Med Raslen\\Desktop\\UltimatePOS_v6.5\\vendor\\laravel\\framework\\src\\Illuminate\\Foundation\\Http\\Middleware\\TransformsRequest.php(21): Illuminate\\Pipeline\\Pipeline->Illuminate\\Pipeline\\{closure}(Object(Illuminate\\Http\\Request))
#12 C:\\Users\\Med Raslen\\Desktop\\UltimatePOS_v6.5\\vendor\\laravel\\framework\\src\\Illuminate\\Foundation\\Http\\Middleware\\ConvertEmptyStringsToNull.php(31): Illuminate\\Foundation\\Http\\Middleware\\TransformsRequest->handle(Object(Illuminate\\Http\\Request), Object(Closure))
#13 C:\\Users\\Med Raslen\\Desktop\\UltimatePOS_v6.5\\vendor\\laravel\\framework\\src\\Illuminate\\Pipeline\\Pipeline.php(180): Illuminate\\Foundation\\Http\\Middleware\\ConvertEmptyStringsToNull->handle(Object(Illuminate\\Http\\Request), Object(Closure))
#14 C:\\Users\\Med Raslen\\Desktop\\UltimatePOS_v6.5\\vendor\\laravel\\framework\\src\\Illuminate\\Foundation\\Http\\Middleware\\TransformsRequest.php(21): Illuminate\\Pipeline\\Pipeline->Illuminate\\Pipeline\\{closure}(Object(Illuminate\\Http\\Request))
#15 C:\\Users\\Med Raslen\\Desktop\\UltimatePOS_v6.5\\vendor\\laravel\\framework\\src\\Illuminate\\Foundation\\Http\\Middleware\\TrimStrings.php(40): Illuminate\\Foundation\\Http\\Middleware\\TransformsRequest->handle(Object(Illuminate\\Http\\Request), Object(Closure))
#16 C:\\Users\\Med Raslen\\Desktop\\UltimatePOS_v6.5\\vendor\\laravel\\framework\\src\\Illuminate\\Pipeline\\Pipeline.php(180): Illuminate\\Foundation\\Http\\Middleware\\TrimStrings->handle(Object(Illuminate\\Http\\Request), Object(Closure))
#17 C:\\Users\\Med Raslen\\Desktop\\UltimatePOS_v6.5\\vendor\\laravel\\framework\\src\\Illuminate\\Foundation\\Http\\Middleware\\ValidatePostSize.php(27): Illuminate\\Pipeline\\Pipeline->Illuminate\\Pipeline\\{closure}(Object(Illuminate\\Http\\Request))
#18 C:\\Users\\Med Raslen\\Desktop\\UltimatePOS_v6.5\\vendor\\laravel\\framework\\src\\Illuminate\\Pipeline\\Pipeline.php(180): Illuminate\\Foundation\\Http\\Middleware\\ValidatePostSize->handle(Object(Illuminate\\Http\\Request), Object(Closure))
#19 C:\\Users\\Med Raslen\\Desktop\\UltimatePOS_v6.5\\vendor\\laravel\\framework\\src\\Illuminate\\Foundation\\Http\\Middleware\\PreventRequestsDuringMaintenance.php(86): Illuminate\\Pipeline\\Pipeline->Illuminate\\Pipeline\\{closure}(Object(Illuminate\\Http\\Request))
#20 C:\\Users\\Med Raslen\\Desktop\\UltimatePOS_v6.5\\vendor\\laravel\\framework\\src\\Illuminate\\Pipeline\\Pipeline.php(180): Illuminate\\Foundation\\Http\\Middleware\\PreventRequestsDuringMaintenance->handle(Object(Illuminate\\Http\\Request), Object(Closure))
#21 C:\\Users\\Med Raslen\\Desktop\\UltimatePOS_v6.5\\vendor\\laravel\\framework\\src\\Illuminate\\Http\\Middleware\\HandleCors.php(49): Illuminate\\Pipeline\\Pipeline->Illuminate\\Pipeline\\{closure}(Object(Illuminate\\Http\\Request))
#22 C:\\Users\\Med Raslen\\Desktop\\UltimatePOS_v6.5\\vendor\\laravel\\framework\\src\\Illuminate\\Pipeline\\Pipeline.php(180): Illuminate\\Http\\Middleware\\HandleCors->handle(Object(Illuminate\\Http\\Request), Object(Closure))
#23 C:\\Users\\Med Raslen\\Desktop\\UltimatePOS_v6.5\\vendor\\laravel\\framework\\src\\Illuminate\\Http\\Middleware\\TrustProxies.php(39): Illuminate\\Pipeline\\Pipeline->Illuminate\\Pipeline\\{closure}(Object(Illuminate\\Http\\Request))
#24 C:\\Users\\Med Raslen\\Desktop\\UltimatePOS_v6.5\\vendor\\laravel\\framework\\src\\Illuminate\\Pipeline\\Pipeline.php(180): Illuminate\\Http\\Middleware\\TrustProxies->handle(Object(Illuminate\\Http\\Request), Object(Closure))
#25 C:\\Users\\Med Raslen\\Desktop\\UltimatePOS_v6.5\\vendor\\laravel\\framework\\src\\Illuminate\\Pipeline\\Pipeline.php(116): Illuminate\\Pipeline\\Pipeline->Illuminate\\Pipeline\\{closure}(Object(Illuminate\\Http\\Request))
#26 C:\\Users\\Med Raslen\\Desktop\\UltimatePOS_v6.5\\vendor\\laravel\\framework\\src\\Illuminate\\Foundation\\Http\\Kernel.php(165): Illuminate\\Pipeline\\Pipeline->then(Object(Closure))
#27 C:\\Users\\Med Raslen\\Desktop\\UltimatePOS_v6.5\\vendor\\laravel\\framework\\src\\Illuminate\\Foundation\\Http\\Kernel.php(134): Illuminate\\Foundation\\Http\\Kernel->sendRequestThroughRouter(Object(Illuminate\\Http\\Request))
#28 C:\\Users\\Med Raslen\\Desktop\\UltimatePOS_v6.5\\public\\index.php(52): Illuminate\\Foundation\\Http\\Kernel->handle(Object(Illuminate\\Http\\Request))
#29 C:\\Users\\Med Raslen\\Desktop\\UltimatePOS_v6.5\\vendor\\laravel\\framework\\src\\Illuminate\\Foundation\\resources\\server.php(16): require_once('C:\\\\Users\\\\Med Ra...')
#30 {main}
"} 
[2025-07-10 04:26:09] local.ERROR: syntax error, unexpected variable "$user" {"exception":"[object] (ParseError(code: 0): syntax error, unexpected variable \"$user\" at C:\\Users\\Med Raslen\\Desktop\\UltimatePOS_v6.5\\app\\Http\\Controllers\\BusinessController.php:155)
[stacktrace]
#0 C:\\Users\\Med Raslen\\Desktop\\UltimatePOS_v6.5\\vendor\\composer\\ClassLoader.php(428): Composer\\Autoload\\includeFile('C:\\\\Users\\\\Med Ra...')
#1 [internal function]: Composer\\Autoload\\ClassLoader->loadClass('App\\\\Http\\\\Contro...')
#2 C:\\Users\\Med Raslen\\Desktop\\UltimatePOS_v6.5\\vendor\\laravel\\framework\\src\\Illuminate\\Routing\\Route.php(1091): is_a('App\\\\Http\\\\Contro...', 'Illuminate\\\\Rout...', true)
#3 C:\\Users\\Med Raslen\\Desktop\\UltimatePOS_v6.5\\vendor\\laravel\\framework\\src\\Illuminate\\Routing\\Route.php(1030): Illuminate\\Routing\\Route->controllerMiddleware()
#4 C:\\Users\\Med Raslen\\Desktop\\UltimatePOS_v6.5\\vendor\\laravel\\framework\\src\\Illuminate\\Routing\\Router.php(810): Illuminate\\Routing\\Route->gatherMiddleware()
#5 C:\\Users\\Med Raslen\\Desktop\\UltimatePOS_v6.5\\vendor\\laravel\\framework\\src\\Illuminate\\Routing\\Router.php(792): Illuminate\\Routing\\Router->gatherRouteMiddleware(Object(Illuminate\\Routing\\Route))
#6 C:\\Users\\Med Raslen\\Desktop\\UltimatePOS_v6.5\\vendor\\laravel\\framework\\src\\Illuminate\\Routing\\Router.php(776): Illuminate\\Routing\\Router->runRouteWithinStack(Object(Illuminate\\Routing\\Route), Object(Illuminate\\Http\\Request))
#7 C:\\Users\\Med Raslen\\Desktop\\UltimatePOS_v6.5\\vendor\\laravel\\framework\\src\\Illuminate\\Routing\\Router.php(740): Illuminate\\Routing\\Router->runRoute(Object(Illuminate\\Http\\Request), Object(Illuminate\\Routing\\Route))
#8 C:\\Users\\Med Raslen\\Desktop\\UltimatePOS_v6.5\\vendor\\laravel\\framework\\src\\Illuminate\\Routing\\Router.php(729): Illuminate\\Routing\\Router->dispatchToRoute(Object(Illuminate\\Http\\Request))
#9 C:\\Users\\Med Raslen\\Desktop\\UltimatePOS_v6.5\\vendor\\laravel\\framework\\src\\Illuminate\\Foundation\\Http\\Kernel.php(190): Illuminate\\Routing\\Router->dispatch(Object(Illuminate\\Http\\Request))
#10 C:\\Users\\Med Raslen\\Desktop\\UltimatePOS_v6.5\\vendor\\laravel\\framework\\src\\Illuminate\\Pipeline\\Pipeline.php(141): Illuminate\\Foundation\\Http\\Kernel->Illuminate\\Foundation\\Http\\{closure}(Object(Illuminate\\Http\\Request))
#11 C:\\Users\\Med Raslen\\Desktop\\UltimatePOS_v6.5\\vendor\\barryvdh\\laravel-debugbar\\src\\Middleware\\InjectDebugbar.php(66): Illuminate\\Pipeline\\Pipeline->Illuminate\\Pipeline\\{closure}(Object(Illuminate\\Http\\Request))
#12 C:\\Users\\Med Raslen\\Desktop\\UltimatePOS_v6.5\\vendor\\laravel\\framework\\src\\Illuminate\\Pipeline\\Pipeline.php(180): Barryvdh\\Debugbar\\Middleware\\InjectDebugbar->handle(Object(Illuminate\\Http\\Request), Object(Closure))
#13 C:\\Users\\Med Raslen\\Desktop\\UltimatePOS_v6.5\\vendor\\laravel\\framework\\src\\Illuminate\\Foundation\\Http\\Middleware\\TransformsRequest.php(21): Illuminate\\Pipeline\\Pipeline->Illuminate\\Pipeline\\{closure}(Object(Illuminate\\Http\\Request))
#14 C:\\Users\\Med Raslen\\Desktop\\UltimatePOS_v6.5\\vendor\\laravel\\framework\\src\\Illuminate\\Foundation\\Http\\Middleware\\ConvertEmptyStringsToNull.php(31): Illuminate\\Foundation\\Http\\Middleware\\TransformsRequest->handle(Object(Illuminate\\Http\\Request), Object(Closure))
#15 C:\\Users\\Med Raslen\\Desktop\\UltimatePOS_v6.5\\vendor\\laravel\\framework\\src\\Illuminate\\Pipeline\\Pipeline.php(180): Illuminate\\Foundation\\Http\\Middleware\\ConvertEmptyStringsToNull->handle(Object(Illuminate\\Http\\Request), Object(Closure))
#16 C:\\Users\\Med Raslen\\Desktop\\UltimatePOS_v6.5\\vendor\\laravel\\framework\\src\\Illuminate\\Foundation\\Http\\Middleware\\TransformsRequest.php(21): Illuminate\\Pipeline\\Pipeline->Illuminate\\Pipeline\\{closure}(Object(Illuminate\\Http\\Request))
#17 C:\\Users\\Med Raslen\\Desktop\\UltimatePOS_v6.5\\vendor\\laravel\\framework\\src\\Illuminate\\Foundation\\Http\\Middleware\\TrimStrings.php(40): Illuminate\\Foundation\\Http\\Middleware\\TransformsRequest->handle(Object(Illuminate\\Http\\Request), Object(Closure))
#18 C:\\Users\\Med Raslen\\Desktop\\UltimatePOS_v6.5\\vendor\\laravel\\framework\\src\\Illuminate\\Pipeline\\Pipeline.php(180): Illuminate\\Foundation\\Http\\Middleware\\TrimStrings->handle(Object(Illuminate\\Http\\Request), Object(Closure))
#19 C:\\Users\\Med Raslen\\Desktop\\UltimatePOS_v6.5\\vendor\\laravel\\framework\\src\\Illuminate\\Foundation\\Http\\Middleware\\ValidatePostSize.php(27): Illuminate\\Pipeline\\Pipeline->Illuminate\\Pipeline\\{closure}(Object(Illuminate\\Http\\Request))
#20 C:\\Users\\Med Raslen\\Desktop\\UltimatePOS_v6.5\\vendor\\laravel\\framework\\src\\Illuminate\\Pipeline\\Pipeline.php(180): Illuminate\\Foundation\\Http\\Middleware\\ValidatePostSize->handle(Object(Illuminate\\Http\\Request), Object(Closure))
#21 C:\\Users\\Med Raslen\\Desktop\\UltimatePOS_v6.5\\vendor\\laravel\\framework\\src\\Illuminate\\Foundation\\Http\\Middleware\\PreventRequestsDuringMaintenance.php(86): Illuminate\\Pipeline\\Pipeline->Illuminate\\Pipeline\\{closure}(Object(Illuminate\\Http\\Request))
#22 C:\\Users\\Med Raslen\\Desktop\\UltimatePOS_v6.5\\vendor\\laravel\\framework\\src\\Illuminate\\Pipeline\\Pipeline.php(180): Illuminate\\Foundation\\Http\\Middleware\\PreventRequestsDuringMaintenance->handle(Object(Illuminate\\Http\\Request), Object(Closure))
#23 C:\\Users\\Med Raslen\\Desktop\\UltimatePOS_v6.5\\vendor\\laravel\\framework\\src\\Illuminate\\Http\\Middleware\\HandleCors.php(49): Illuminate\\Pipeline\\Pipeline->Illuminate\\Pipeline\\{closure}(Object(Illuminate\\Http\\Request))
#24 C:\\Users\\Med Raslen\\Desktop\\UltimatePOS_v6.5\\vendor\\laravel\\framework\\src\\Illuminate\\Pipeline\\Pipeline.php(180): Illuminate\\Http\\Middleware\\HandleCors->handle(Object(Illuminate\\Http\\Request), Object(Closure))
#25 C:\\Users\\Med Raslen\\Desktop\\UltimatePOS_v6.5\\vendor\\laravel\\framework\\src\\Illuminate\\Http\\Middleware\\TrustProxies.php(39): Illuminate\\Pipeline\\Pipeline->Illuminate\\Pipeline\\{closure}(Object(Illuminate\\Http\\Request))
#26 C:\\Users\\Med Raslen\\Desktop\\UltimatePOS_v6.5\\vendor\\laravel\\framework\\src\\Illuminate\\Pipeline\\Pipeline.php(180): Illuminate\\Http\\Middleware\\TrustProxies->handle(Object(Illuminate\\Http\\Request), Object(Closure))
#27 C:\\Users\\Med Raslen\\Desktop\\UltimatePOS_v6.5\\vendor\\laravel\\framework\\src\\Illuminate\\Pipeline\\Pipeline.php(116): Illuminate\\Pipeline\\Pipeline->Illuminate\\Pipeline\\{closure}(Object(Illuminate\\Http\\Request))
#28 C:\\Users\\Med Raslen\\Desktop\\UltimatePOS_v6.5\\vendor\\laravel\\framework\\src\\Illuminate\\Foundation\\Http\\Kernel.php(165): Illuminate\\Pipeline\\Pipeline->then(Object(Closure))
#29 C:\\Users\\Med Raslen\\Desktop\\UltimatePOS_v6.5\\vendor\\laravel\\framework\\src\\Illuminate\\Foundation\\Http\\Kernel.php(134): Illuminate\\Foundation\\Http\\Kernel->sendRequestThroughRouter(Object(Illuminate\\Http\\Request))
#30 C:\\Users\\Med Raslen\\Desktop\\UltimatePOS_v6.5\\public\\index.php(52): Illuminate\\Foundation\\Http\\Kernel->handle(Object(Illuminate\\Http\\Request))
#31 C:\\Users\\Med Raslen\\Desktop\\UltimatePOS_v6.5\\vendor\\laravel\\framework\\src\\Illuminate\\Foundation\\resources\\server.php(16): require_once('C:\\\\Users\\\\Med Ra...')
#32 {main}
"} 
[2025-07-10 04:26:10] local.ERROR: syntax error, unexpected variable "$user" {"exception":"[object] (ParseError(code: 0): syntax error, unexpected variable \"$user\" at C:\\Users\\Med Raslen\\Desktop\\UltimatePOS_v6.5\\app\\Http\\Controllers\\BusinessController.php:155)
[stacktrace]
#0 C:\\Users\\Med Raslen\\Desktop\\UltimatePOS_v6.5\\vendor\\composer\\ClassLoader.php(428): Composer\\Autoload\\includeFile('C:\\\\Users\\\\Med Ra...')
#1 [internal function]: Composer\\Autoload\\ClassLoader->loadClass('App\\\\Http\\\\Contro...')
#2 C:\\Users\\Med Raslen\\Desktop\\UltimatePOS_v6.5\\vendor\\barryvdh\\laravel-debugbar\\src\\DataCollector\\RouteCollector.php(93): class_exists('App\\\\Http\\\\Contro...')
#3 C:\\Users\\Med Raslen\\Desktop\\UltimatePOS_v6.5\\vendor\\barryvdh\\laravel-debugbar\\src\\DataCollector\\RouteCollector.php(63): Barryvdh\\Debugbar\\DataCollector\\RouteCollector->getRouteInformation(Object(Illuminate\\Routing\\Route))
#4 C:\\Users\\Med Raslen\\Desktop\\UltimatePOS_v6.5\\vendor\\barryvdh\\laravel-debugbar\\src\\LaravelDebugbar.php(872): Barryvdh\\Debugbar\\DataCollector\\RouteCollector->collect()
#5 C:\\Users\\Med Raslen\\Desktop\\UltimatePOS_v6.5\\vendor\\maximebf\\debugbar\\src\\DebugBar\\DebugBar.php(265): Barryvdh\\Debugbar\\LaravelDebugbar->collect()
#6 C:\\Users\\Med Raslen\\Desktop\\UltimatePOS_v6.5\\vendor\\maximebf\\debugbar\\src\\DebugBar\\JavascriptRenderer.php(1045): DebugBar\\DebugBar->getData()
#7 C:\\Users\\Med Raslen\\Desktop\\UltimatePOS_v6.5\\vendor\\barryvdh\\laravel-debugbar\\src\\LaravelDebugbar.php(912): DebugBar\\JavascriptRenderer->render()
#8 C:\\Users\\Med Raslen\\Desktop\\UltimatePOS_v6.5\\vendor\\barryvdh\\laravel-debugbar\\src\\LaravelDebugbar.php(793): Barryvdh\\Debugbar\\LaravelDebugbar->injectDebugbar(Object(Illuminate\\Http\\Response))
#9 C:\\Users\\Med Raslen\\Desktop\\UltimatePOS_v6.5\\vendor\\barryvdh\\laravel-debugbar\\src\\Middleware\\InjectDebugbar.php(72): Barryvdh\\Debugbar\\LaravelDebugbar->modifyResponse(Object(Illuminate\\Http\\Request), Object(Illuminate\\Http\\Response))
#10 C:\\Users\\Med Raslen\\Desktop\\UltimatePOS_v6.5\\vendor\\laravel\\framework\\src\\Illuminate\\Pipeline\\Pipeline.php(180): Barryvdh\\Debugbar\\Middleware\\InjectDebugbar->handle(Object(Illuminate\\Http\\Request), Object(Closure))
#11 C:\\Users\\Med Raslen\\Desktop\\UltimatePOS_v6.5\\vendor\\laravel\\framework\\src\\Illuminate\\Foundation\\Http\\Middleware\\TransformsRequest.php(21): Illuminate\\Pipeline\\Pipeline->Illuminate\\Pipeline\\{closure}(Object(Illuminate\\Http\\Request))
#12 C:\\Users\\Med Raslen\\Desktop\\UltimatePOS_v6.5\\vendor\\laravel\\framework\\src\\Illuminate\\Foundation\\Http\\Middleware\\ConvertEmptyStringsToNull.php(31): Illuminate\\Foundation\\Http\\Middleware\\TransformsRequest->handle(Object(Illuminate\\Http\\Request), Object(Closure))
#13 C:\\Users\\Med Raslen\\Desktop\\UltimatePOS_v6.5\\vendor\\laravel\\framework\\src\\Illuminate\\Pipeline\\Pipeline.php(180): Illuminate\\Foundation\\Http\\Middleware\\ConvertEmptyStringsToNull->handle(Object(Illuminate\\Http\\Request), Object(Closure))
#14 C:\\Users\\Med Raslen\\Desktop\\UltimatePOS_v6.5\\vendor\\laravel\\framework\\src\\Illuminate\\Foundation\\Http\\Middleware\\TransformsRequest.php(21): Illuminate\\Pipeline\\Pipeline->Illuminate\\Pipeline\\{closure}(Object(Illuminate\\Http\\Request))
#15 C:\\Users\\Med Raslen\\Desktop\\UltimatePOS_v6.5\\vendor\\laravel\\framework\\src\\Illuminate\\Foundation\\Http\\Middleware\\TrimStrings.php(40): Illuminate\\Foundation\\Http\\Middleware\\TransformsRequest->handle(Object(Illuminate\\Http\\Request), Object(Closure))
#16 C:\\Users\\Med Raslen\\Desktop\\UltimatePOS_v6.5\\vendor\\laravel\\framework\\src\\Illuminate\\Pipeline\\Pipeline.php(180): Illuminate\\Foundation\\Http\\Middleware\\TrimStrings->handle(Object(Illuminate\\Http\\Request), Object(Closure))
#17 C:\\Users\\Med Raslen\\Desktop\\UltimatePOS_v6.5\\vendor\\laravel\\framework\\src\\Illuminate\\Foundation\\Http\\Middleware\\ValidatePostSize.php(27): Illuminate\\Pipeline\\Pipeline->Illuminate\\Pipeline\\{closure}(Object(Illuminate\\Http\\Request))
#18 C:\\Users\\Med Raslen\\Desktop\\UltimatePOS_v6.5\\vendor\\laravel\\framework\\src\\Illuminate\\Pipeline\\Pipeline.php(180): Illuminate\\Foundation\\Http\\Middleware\\ValidatePostSize->handle(Object(Illuminate\\Http\\Request), Object(Closure))
#19 C:\\Users\\Med Raslen\\Desktop\\UltimatePOS_v6.5\\vendor\\laravel\\framework\\src\\Illuminate\\Foundation\\Http\\Middleware\\PreventRequestsDuringMaintenance.php(86): Illuminate\\Pipeline\\Pipeline->Illuminate\\Pipeline\\{closure}(Object(Illuminate\\Http\\Request))
#20 C:\\Users\\Med Raslen\\Desktop\\UltimatePOS_v6.5\\vendor\\laravel\\framework\\src\\Illuminate\\Pipeline\\Pipeline.php(180): Illuminate\\Foundation\\Http\\Middleware\\PreventRequestsDuringMaintenance->handle(Object(Illuminate\\Http\\Request), Object(Closure))
#21 C:\\Users\\Med Raslen\\Desktop\\UltimatePOS_v6.5\\vendor\\laravel\\framework\\src\\Illuminate\\Http\\Middleware\\HandleCors.php(49): Illuminate\\Pipeline\\Pipeline->Illuminate\\Pipeline\\{closure}(Object(Illuminate\\Http\\Request))
#22 C:\\Users\\Med Raslen\\Desktop\\UltimatePOS_v6.5\\vendor\\laravel\\framework\\src\\Illuminate\\Pipeline\\Pipeline.php(180): Illuminate\\Http\\Middleware\\HandleCors->handle(Object(Illuminate\\Http\\Request), Object(Closure))
#23 C:\\Users\\Med Raslen\\Desktop\\UltimatePOS_v6.5\\vendor\\laravel\\framework\\src\\Illuminate\\Http\\Middleware\\TrustProxies.php(39): Illuminate\\Pipeline\\Pipeline->Illuminate\\Pipeline\\{closure}(Object(Illuminate\\Http\\Request))
#24 C:\\Users\\Med Raslen\\Desktop\\UltimatePOS_v6.5\\vendor\\laravel\\framework\\src\\Illuminate\\Pipeline\\Pipeline.php(180): Illuminate\\Http\\Middleware\\TrustProxies->handle(Object(Illuminate\\Http\\Request), Object(Closure))
#25 C:\\Users\\Med Raslen\\Desktop\\UltimatePOS_v6.5\\vendor\\laravel\\framework\\src\\Illuminate\\Pipeline\\Pipeline.php(116): Illuminate\\Pipeline\\Pipeline->Illuminate\\Pipeline\\{closure}(Object(Illuminate\\Http\\Request))
#26 C:\\Users\\Med Raslen\\Desktop\\UltimatePOS_v6.5\\vendor\\laravel\\framework\\src\\Illuminate\\Foundation\\Http\\Kernel.php(165): Illuminate\\Pipeline\\Pipeline->then(Object(Closure))
#27 C:\\Users\\Med Raslen\\Desktop\\UltimatePOS_v6.5\\vendor\\laravel\\framework\\src\\Illuminate\\Foundation\\Http\\Kernel.php(134): Illuminate\\Foundation\\Http\\Kernel->sendRequestThroughRouter(Object(Illuminate\\Http\\Request))
#28 C:\\Users\\Med Raslen\\Desktop\\UltimatePOS_v6.5\\public\\index.php(52): Illuminate\\Foundation\\Http\\Kernel->handle(Object(Illuminate\\Http\\Request))
#29 C:\\Users\\Med Raslen\\Desktop\\UltimatePOS_v6.5\\vendor\\laravel\\framework\\src\\Illuminate\\Foundation\\resources\\server.php(16): require_once('C:\\\\Users\\\\Med Ra...')
#30 {main}
"} 
[2025-07-10 04:26:54] local.ERROR: syntax error, unexpected variable "$business_details" {"exception":"[object] (ParseError(code: 0): syntax error, unexpected variable \"$business_details\" at C:\\Users\\Med Raslen\\Desktop\\UltimatePOS_v6.5\\app\\Http\\Controllers\\BusinessController.php:160)
[stacktrace]
#0 C:\\Users\\Med Raslen\\Desktop\\UltimatePOS_v6.5\\vendor\\composer\\ClassLoader.php(428): Composer\\Autoload\\includeFile('C:\\\\Users\\\\Med Ra...')
#1 [internal function]: Composer\\Autoload\\ClassLoader->loadClass('App\\\\Http\\\\Contro...')
#2 C:\\Users\\Med Raslen\\Desktop\\UltimatePOS_v6.5\\vendor\\laravel\\framework\\src\\Illuminate\\Routing\\Route.php(1091): is_a('App\\\\Http\\\\Contro...', 'Illuminate\\\\Rout...', true)
#3 C:\\Users\\Med Raslen\\Desktop\\UltimatePOS_v6.5\\vendor\\laravel\\framework\\src\\Illuminate\\Routing\\Route.php(1030): Illuminate\\Routing\\Route->controllerMiddleware()
#4 C:\\Users\\Med Raslen\\Desktop\\UltimatePOS_v6.5\\vendor\\laravel\\framework\\src\\Illuminate\\Routing\\Router.php(810): Illuminate\\Routing\\Route->gatherMiddleware()
#5 C:\\Users\\Med Raslen\\Desktop\\UltimatePOS_v6.5\\vendor\\laravel\\framework\\src\\Illuminate\\Routing\\Router.php(792): Illuminate\\Routing\\Router->gatherRouteMiddleware(Object(Illuminate\\Routing\\Route))
#6 C:\\Users\\Med Raslen\\Desktop\\UltimatePOS_v6.5\\vendor\\laravel\\framework\\src\\Illuminate\\Routing\\Router.php(776): Illuminate\\Routing\\Router->runRouteWithinStack(Object(Illuminate\\Routing\\Route), Object(Illuminate\\Http\\Request))
#7 C:\\Users\\Med Raslen\\Desktop\\UltimatePOS_v6.5\\vendor\\laravel\\framework\\src\\Illuminate\\Routing\\Router.php(740): Illuminate\\Routing\\Router->runRoute(Object(Illuminate\\Http\\Request), Object(Illuminate\\Routing\\Route))
#8 C:\\Users\\Med Raslen\\Desktop\\UltimatePOS_v6.5\\vendor\\laravel\\framework\\src\\Illuminate\\Routing\\Router.php(729): Illuminate\\Routing\\Router->dispatchToRoute(Object(Illuminate\\Http\\Request))
#9 C:\\Users\\Med Raslen\\Desktop\\UltimatePOS_v6.5\\vendor\\laravel\\framework\\src\\Illuminate\\Foundation\\Http\\Kernel.php(190): Illuminate\\Routing\\Router->dispatch(Object(Illuminate\\Http\\Request))
#10 C:\\Users\\Med Raslen\\Desktop\\UltimatePOS_v6.5\\vendor\\laravel\\framework\\src\\Illuminate\\Pipeline\\Pipeline.php(141): Illuminate\\Foundation\\Http\\Kernel->Illuminate\\Foundation\\Http\\{closure}(Object(Illuminate\\Http\\Request))
#11 C:\\Users\\Med Raslen\\Desktop\\UltimatePOS_v6.5\\vendor\\barryvdh\\laravel-debugbar\\src\\Middleware\\InjectDebugbar.php(66): Illuminate\\Pipeline\\Pipeline->Illuminate\\Pipeline\\{closure}(Object(Illuminate\\Http\\Request))
#12 C:\\Users\\Med Raslen\\Desktop\\UltimatePOS_v6.5\\vendor\\laravel\\framework\\src\\Illuminate\\Pipeline\\Pipeline.php(180): Barryvdh\\Debugbar\\Middleware\\InjectDebugbar->handle(Object(Illuminate\\Http\\Request), Object(Closure))
#13 C:\\Users\\Med Raslen\\Desktop\\UltimatePOS_v6.5\\vendor\\laravel\\framework\\src\\Illuminate\\Foundation\\Http\\Middleware\\TransformsRequest.php(21): Illuminate\\Pipeline\\Pipeline->Illuminate\\Pipeline\\{closure}(Object(Illuminate\\Http\\Request))
#14 C:\\Users\\Med Raslen\\Desktop\\UltimatePOS_v6.5\\vendor\\laravel\\framework\\src\\Illuminate\\Foundation\\Http\\Middleware\\ConvertEmptyStringsToNull.php(31): Illuminate\\Foundation\\Http\\Middleware\\TransformsRequest->handle(Object(Illuminate\\Http\\Request), Object(Closure))
#15 C:\\Users\\Med Raslen\\Desktop\\UltimatePOS_v6.5\\vendor\\laravel\\framework\\src\\Illuminate\\Pipeline\\Pipeline.php(180): Illuminate\\Foundation\\Http\\Middleware\\ConvertEmptyStringsToNull->handle(Object(Illuminate\\Http\\Request), Object(Closure))
#16 C:\\Users\\Med Raslen\\Desktop\\UltimatePOS_v6.5\\vendor\\laravel\\framework\\src\\Illuminate\\Foundation\\Http\\Middleware\\TransformsRequest.php(21): Illuminate\\Pipeline\\Pipeline->Illuminate\\Pipeline\\{closure}(Object(Illuminate\\Http\\Request))
#17 C:\\Users\\Med Raslen\\Desktop\\UltimatePOS_v6.5\\vendor\\laravel\\framework\\src\\Illuminate\\Foundation\\Http\\Middleware\\TrimStrings.php(40): Illuminate\\Foundation\\Http\\Middleware\\TransformsRequest->handle(Object(Illuminate\\Http\\Request), Object(Closure))
#18 C:\\Users\\Med Raslen\\Desktop\\UltimatePOS_v6.5\\vendor\\laravel\\framework\\src\\Illuminate\\Pipeline\\Pipeline.php(180): Illuminate\\Foundation\\Http\\Middleware\\TrimStrings->handle(Object(Illuminate\\Http\\Request), Object(Closure))
#19 C:\\Users\\Med Raslen\\Desktop\\UltimatePOS_v6.5\\vendor\\laravel\\framework\\src\\Illuminate\\Foundation\\Http\\Middleware\\ValidatePostSize.php(27): Illuminate\\Pipeline\\Pipeline->Illuminate\\Pipeline\\{closure}(Object(Illuminate\\Http\\Request))
#20 C:\\Users\\Med Raslen\\Desktop\\UltimatePOS_v6.5\\vendor\\laravel\\framework\\src\\Illuminate\\Pipeline\\Pipeline.php(180): Illuminate\\Foundation\\Http\\Middleware\\ValidatePostSize->handle(Object(Illuminate\\Http\\Request), Object(Closure))
#21 C:\\Users\\Med Raslen\\Desktop\\UltimatePOS_v6.5\\vendor\\laravel\\framework\\src\\Illuminate\\Foundation\\Http\\Middleware\\PreventRequestsDuringMaintenance.php(86): Illuminate\\Pipeline\\Pipeline->Illuminate\\Pipeline\\{closure}(Object(Illuminate\\Http\\Request))
#22 C:\\Users\\Med Raslen\\Desktop\\UltimatePOS_v6.5\\vendor\\laravel\\framework\\src\\Illuminate\\Pipeline\\Pipeline.php(180): Illuminate\\Foundation\\Http\\Middleware\\PreventRequestsDuringMaintenance->handle(Object(Illuminate\\Http\\Request), Object(Closure))
#23 C:\\Users\\Med Raslen\\Desktop\\UltimatePOS_v6.5\\vendor\\laravel\\framework\\src\\Illuminate\\Http\\Middleware\\HandleCors.php(49): Illuminate\\Pipeline\\Pipeline->Illuminate\\Pipeline\\{closure}(Object(Illuminate\\Http\\Request))
#24 C:\\Users\\Med Raslen\\Desktop\\UltimatePOS_v6.5\\vendor\\laravel\\framework\\src\\Illuminate\\Pipeline\\Pipeline.php(180): Illuminate\\Http\\Middleware\\HandleCors->handle(Object(Illuminate\\Http\\Request), Object(Closure))
#25 C:\\Users\\Med Raslen\\Desktop\\UltimatePOS_v6.5\\vendor\\laravel\\framework\\src\\Illuminate\\Http\\Middleware\\TrustProxies.php(39): Illuminate\\Pipeline\\Pipeline->Illuminate\\Pipeline\\{closure}(Object(Illuminate\\Http\\Request))
#26 C:\\Users\\Med Raslen\\Desktop\\UltimatePOS_v6.5\\vendor\\laravel\\framework\\src\\Illuminate\\Pipeline\\Pipeline.php(180): Illuminate\\Http\\Middleware\\TrustProxies->handle(Object(Illuminate\\Http\\Request), Object(Closure))
#27 C:\\Users\\Med Raslen\\Desktop\\UltimatePOS_v6.5\\vendor\\laravel\\framework\\src\\Illuminate\\Pipeline\\Pipeline.php(116): Illuminate\\Pipeline\\Pipeline->Illuminate\\Pipeline\\{closure}(Object(Illuminate\\Http\\Request))
#28 C:\\Users\\Med Raslen\\Desktop\\UltimatePOS_v6.5\\vendor\\laravel\\framework\\src\\Illuminate\\Foundation\\Http\\Kernel.php(165): Illuminate\\Pipeline\\Pipeline->then(Object(Closure))
#29 C:\\Users\\Med Raslen\\Desktop\\UltimatePOS_v6.5\\vendor\\laravel\\framework\\src\\Illuminate\\Foundation\\Http\\Kernel.php(134): Illuminate\\Foundation\\Http\\Kernel->sendRequestThroughRouter(Object(Illuminate\\Http\\Request))
#30 C:\\Users\\Med Raslen\\Desktop\\UltimatePOS_v6.5\\public\\index.php(52): Illuminate\\Foundation\\Http\\Kernel->handle(Object(Illuminate\\Http\\Request))
#31 C:\\Users\\Med Raslen\\Desktop\\UltimatePOS_v6.5\\vendor\\laravel\\framework\\src\\Illuminate\\Foundation\\resources\\server.php(16): require_once('C:\\\\Users\\\\Med Ra...')
#32 {main}
"} 
[2025-07-10 04:26:54] local.ERROR: syntax error, unexpected variable "$business_details" {"exception":"[object] (ParseError(code: 0): syntax error, unexpected variable \"$business_details\" at C:\\Users\\Med Raslen\\Desktop\\UltimatePOS_v6.5\\app\\Http\\Controllers\\BusinessController.php:160)
[stacktrace]
#0 C:\\Users\\Med Raslen\\Desktop\\UltimatePOS_v6.5\\vendor\\composer\\ClassLoader.php(428): Composer\\Autoload\\includeFile('C:\\\\Users\\\\Med Ra...')
#1 [internal function]: Composer\\Autoload\\ClassLoader->loadClass('App\\\\Http\\\\Contro...')
#2 C:\\Users\\Med Raslen\\Desktop\\UltimatePOS_v6.5\\vendor\\barryvdh\\laravel-debugbar\\src\\DataCollector\\RouteCollector.php(93): class_exists('App\\\\Http\\\\Contro...')
#3 C:\\Users\\Med Raslen\\Desktop\\UltimatePOS_v6.5\\vendor\\barryvdh\\laravel-debugbar\\src\\DataCollector\\RouteCollector.php(63): Barryvdh\\Debugbar\\DataCollector\\RouteCollector->getRouteInformation(Object(Illuminate\\Routing\\Route))
#4 C:\\Users\\Med Raslen\\Desktop\\UltimatePOS_v6.5\\vendor\\barryvdh\\laravel-debugbar\\src\\LaravelDebugbar.php(872): Barryvdh\\Debugbar\\DataCollector\\RouteCollector->collect()
#5 C:\\Users\\Med Raslen\\Desktop\\UltimatePOS_v6.5\\vendor\\maximebf\\debugbar\\src\\DebugBar\\DebugBar.php(265): Barryvdh\\Debugbar\\LaravelDebugbar->collect()
#6 C:\\Users\\Med Raslen\\Desktop\\UltimatePOS_v6.5\\vendor\\maximebf\\debugbar\\src\\DebugBar\\JavascriptRenderer.php(1045): DebugBar\\DebugBar->getData()
#7 C:\\Users\\Med Raslen\\Desktop\\UltimatePOS_v6.5\\vendor\\barryvdh\\laravel-debugbar\\src\\LaravelDebugbar.php(912): DebugBar\\JavascriptRenderer->render()
#8 C:\\Users\\Med Raslen\\Desktop\\UltimatePOS_v6.5\\vendor\\barryvdh\\laravel-debugbar\\src\\LaravelDebugbar.php(793): Barryvdh\\Debugbar\\LaravelDebugbar->injectDebugbar(Object(Illuminate\\Http\\Response))
#9 C:\\Users\\Med Raslen\\Desktop\\UltimatePOS_v6.5\\vendor\\barryvdh\\laravel-debugbar\\src\\Middleware\\InjectDebugbar.php(72): Barryvdh\\Debugbar\\LaravelDebugbar->modifyResponse(Object(Illuminate\\Http\\Request), Object(Illuminate\\Http\\Response))
#10 C:\\Users\\Med Raslen\\Desktop\\UltimatePOS_v6.5\\vendor\\laravel\\framework\\src\\Illuminate\\Pipeline\\Pipeline.php(180): Barryvdh\\Debugbar\\Middleware\\InjectDebugbar->handle(Object(Illuminate\\Http\\Request), Object(Closure))
#11 C:\\Users\\Med Raslen\\Desktop\\UltimatePOS_v6.5\\vendor\\laravel\\framework\\src\\Illuminate\\Foundation\\Http\\Middleware\\TransformsRequest.php(21): Illuminate\\Pipeline\\Pipeline->Illuminate\\Pipeline\\{closure}(Object(Illuminate\\Http\\Request))
#12 C:\\Users\\Med Raslen\\Desktop\\UltimatePOS_v6.5\\vendor\\laravel\\framework\\src\\Illuminate\\Foundation\\Http\\Middleware\\ConvertEmptyStringsToNull.php(31): Illuminate\\Foundation\\Http\\Middleware\\TransformsRequest->handle(Object(Illuminate\\Http\\Request), Object(Closure))
#13 C:\\Users\\Med Raslen\\Desktop\\UltimatePOS_v6.5\\vendor\\laravel\\framework\\src\\Illuminate\\Pipeline\\Pipeline.php(180): Illuminate\\Foundation\\Http\\Middleware\\ConvertEmptyStringsToNull->handle(Object(Illuminate\\Http\\Request), Object(Closure))
#14 C:\\Users\\Med Raslen\\Desktop\\UltimatePOS_v6.5\\vendor\\laravel\\framework\\src\\Illuminate\\Foundation\\Http\\Middleware\\TransformsRequest.php(21): Illuminate\\Pipeline\\Pipeline->Illuminate\\Pipeline\\{closure}(Object(Illuminate\\Http\\Request))
#15 C:\\Users\\Med Raslen\\Desktop\\UltimatePOS_v6.5\\vendor\\laravel\\framework\\src\\Illuminate\\Foundation\\Http\\Middleware\\TrimStrings.php(40): Illuminate\\Foundation\\Http\\Middleware\\TransformsRequest->handle(Object(Illuminate\\Http\\Request), Object(Closure))
#16 C:\\Users\\Med Raslen\\Desktop\\UltimatePOS_v6.5\\vendor\\laravel\\framework\\src\\Illuminate\\Pipeline\\Pipeline.php(180): Illuminate\\Foundation\\Http\\Middleware\\TrimStrings->handle(Object(Illuminate\\Http\\Request), Object(Closure))
#17 C:\\Users\\Med Raslen\\Desktop\\UltimatePOS_v6.5\\vendor\\laravel\\framework\\src\\Illuminate\\Foundation\\Http\\Middleware\\ValidatePostSize.php(27): Illuminate\\Pipeline\\Pipeline->Illuminate\\Pipeline\\{closure}(Object(Illuminate\\Http\\Request))
#18 C:\\Users\\Med Raslen\\Desktop\\UltimatePOS_v6.5\\vendor\\laravel\\framework\\src\\Illuminate\\Pipeline\\Pipeline.php(180): Illuminate\\Foundation\\Http\\Middleware\\ValidatePostSize->handle(Object(Illuminate\\Http\\Request), Object(Closure))
#19 C:\\Users\\Med Raslen\\Desktop\\UltimatePOS_v6.5\\vendor\\laravel\\framework\\src\\Illuminate\\Foundation\\Http\\Middleware\\PreventRequestsDuringMaintenance.php(86): Illuminate\\Pipeline\\Pipeline->Illuminate\\Pipeline\\{closure}(Object(Illuminate\\Http\\Request))
#20 C:\\Users\\Med Raslen\\Desktop\\UltimatePOS_v6.5\\vendor\\laravel\\framework\\src\\Illuminate\\Pipeline\\Pipeline.php(180): Illuminate\\Foundation\\Http\\Middleware\\PreventRequestsDuringMaintenance->handle(Object(Illuminate\\Http\\Request), Object(Closure))
#21 C:\\Users\\Med Raslen\\Desktop\\UltimatePOS_v6.5\\vendor\\laravel\\framework\\src\\Illuminate\\Http\\Middleware\\HandleCors.php(49): Illuminate\\Pipeline\\Pipeline->Illuminate\\Pipeline\\{closure}(Object(Illuminate\\Http\\Request))
#22 C:\\Users\\Med Raslen\\Desktop\\UltimatePOS_v6.5\\vendor\\laravel\\framework\\src\\Illuminate\\Pipeline\\Pipeline.php(180): Illuminate\\Http\\Middleware\\HandleCors->handle(Object(Illuminate\\Http\\Request), Object(Closure))
#23 C:\\Users\\Med Raslen\\Desktop\\UltimatePOS_v6.5\\vendor\\laravel\\framework\\src\\Illuminate\\Http\\Middleware\\TrustProxies.php(39): Illuminate\\Pipeline\\Pipeline->Illuminate\\Pipeline\\{closure}(Object(Illuminate\\Http\\Request))
#24 C:\\Users\\Med Raslen\\Desktop\\UltimatePOS_v6.5\\vendor\\laravel\\framework\\src\\Illuminate\\Pipeline\\Pipeline.php(180): Illuminate\\Http\\Middleware\\TrustProxies->handle(Object(Illuminate\\Http\\Request), Object(Closure))
#25 C:\\Users\\Med Raslen\\Desktop\\UltimatePOS_v6.5\\vendor\\laravel\\framework\\src\\Illuminate\\Pipeline\\Pipeline.php(116): Illuminate\\Pipeline\\Pipeline->Illuminate\\Pipeline\\{closure}(Object(Illuminate\\Http\\Request))
#26 C:\\Users\\Med Raslen\\Desktop\\UltimatePOS_v6.5\\vendor\\laravel\\framework\\src\\Illuminate\\Foundation\\Http\\Kernel.php(165): Illuminate\\Pipeline\\Pipeline->then(Object(Closure))
#27 C:\\Users\\Med Raslen\\Desktop\\UltimatePOS_v6.5\\vendor\\laravel\\framework\\src\\Illuminate\\Foundation\\Http\\Kernel.php(134): Illuminate\\Foundation\\Http\\Kernel->sendRequestThroughRouter(Object(Illuminate\\Http\\Request))
#28 C:\\Users\\Med Raslen\\Desktop\\UltimatePOS_v6.5\\public\\index.php(52): Illuminate\\Foundation\\Http\\Kernel->handle(Object(Illuminate\\Http\\Request))
#29 C:\\Users\\Med Raslen\\Desktop\\UltimatePOS_v6.5\\vendor\\laravel\\framework\\src\\Illuminate\\Foundation\\resources\\server.php(16): require_once('C:\\\\Users\\\\Med Ra...')
#30 {main}
"} 
[2025-07-10 04:29:59] local.EMERGENCY: File:C:\Users\Med Raslen\Desktop\UltimatePOS_v6.5\app\User.phpLine:86Message:Undefined array key "surname"  
[2025-07-10 01:04:36] local.EMERGENCY: File:C:\Users\Med Raslen\Desktop\UltimatePOS_v6.5\app\User.phpLine:86Message:Undefined array key "surname"  
[2025-07-10 01:05:29] local.ERROR: Missing 'id' parameter in 'get' operation {"exception":"[object] (DebugBar\\DebugBarException(code: 0): Missing 'id' parameter in 'get' operation at C:\\Users\\Med Raslen\\Desktop\\UltimatePOS_v6.5\\vendor\\maximebf\\debugbar\\src\\DebugBar\\OpenHandler.php:104)
[stacktrace]
#0 [internal function]: DebugBar\\OpenHandler->get(Array)
#1 C:\\Users\\Med Raslen\\Desktop\\UltimatePOS_v6.5\\vendor\\maximebf\\debugbar\\src\\DebugBar\\OpenHandler.php(61): call_user_func(Array, Array)
#2 C:\\Users\\Med Raslen\\Desktop\\UltimatePOS_v6.5\\vendor\\barryvdh\\laravel-debugbar\\src\\Controllers\\OpenHandlerController.php(34): DebugBar\\OpenHandler->handle(Array, false, false)
#3 C:\\Users\\Med Raslen\\Desktop\\UltimatePOS_v6.5\\vendor\\laravel\\framework\\src\\Illuminate\\Routing\\Controller.php(54): Barryvdh\\Debugbar\\Controllers\\OpenHandlerController->handle(Object(Illuminate\\Http\\Request))
#4 C:\\Users\\Med Raslen\\Desktop\\UltimatePOS_v6.5\\vendor\\laravel\\framework\\src\\Illuminate\\Routing\\ControllerDispatcher.php(43): Illuminate\\Routing\\Controller->callAction('handle', Array)
#5 C:\\Users\\Med Raslen\\Desktop\\UltimatePOS_v6.5\\vendor\\laravel\\framework\\src\\Illuminate\\Routing\\Route.php(260): Illuminate\\Routing\\ControllerDispatcher->dispatch(Object(Illuminate\\Routing\\Route), Object(Barryvdh\\Debugbar\\Controllers\\OpenHandlerController), 'handle')
#6 C:\\Users\\Med Raslen\\Desktop\\UltimatePOS_v6.5\\vendor\\laravel\\framework\\src\\Illuminate\\Routing\\Route.php(205): Illuminate\\Routing\\Route->runController()
#7 C:\\Users\\Med Raslen\\Desktop\\UltimatePOS_v6.5\\vendor\\laravel\\framework\\src\\Illuminate\\Routing\\Router.php(798): Illuminate\\Routing\\Route->run()
#8 C:\\Users\\Med Raslen\\Desktop\\UltimatePOS_v6.5\\vendor\\laravel\\framework\\src\\Illuminate\\Pipeline\\Pipeline.php(141): Illuminate\\Routing\\Router->Illuminate\\Routing\\{closure}(Object(Illuminate\\Http\\Request))
#9 C:\\Users\\Med Raslen\\Desktop\\UltimatePOS_v6.5\\vendor\\barryvdh\\laravel-debugbar\\src\\Controllers\\BaseController.php(29): Illuminate\\Pipeline\\Pipeline->Illuminate\\Pipeline\\{closure}(Object(Illuminate\\Http\\Request))
#10 C:\\Users\\Med Raslen\\Desktop\\UltimatePOS_v6.5\\vendor\\laravel\\framework\\src\\Illuminate\\Pipeline\\Pipeline.php(162): Barryvdh\\Debugbar\\Controllers\\BaseController->Barryvdh\\Debugbar\\Controllers\\{closure}(Object(Illuminate\\Http\\Request), Object(Closure))
#11 C:\\Users\\Med Raslen\\Desktop\\UltimatePOS_v6.5\\vendor\\barryvdh\\laravel-debugbar\\src\\Middleware\\DebugbarEnabled.php(41): Illuminate\\Pipeline\\Pipeline->Illuminate\\Pipeline\\{closure}(Object(Illuminate\\Http\\Request))
#12 C:\\Users\\Med Raslen\\Desktop\\UltimatePOS_v6.5\\vendor\\laravel\\framework\\src\\Illuminate\\Pipeline\\Pipeline.php(180): Barryvdh\\Debugbar\\Middleware\\DebugbarEnabled->handle(Object(Illuminate\\Http\\Request), Object(Closure))
#13 C:\\Users\\Med Raslen\\Desktop\\UltimatePOS_v6.5\\vendor\\laravel\\framework\\src\\Illuminate\\Pipeline\\Pipeline.php(116): Illuminate\\Pipeline\\Pipeline->Illuminate\\Pipeline\\{closure}(Object(Illuminate\\Http\\Request))
#14 C:\\Users\\Med Raslen\\Desktop\\UltimatePOS_v6.5\\vendor\\laravel\\framework\\src\\Illuminate\\Routing\\Router.php(799): Illuminate\\Pipeline\\Pipeline->then(Object(Closure))
#15 C:\\Users\\Med Raslen\\Desktop\\UltimatePOS_v6.5\\vendor\\laravel\\framework\\src\\Illuminate\\Routing\\Router.php(776): Illuminate\\Routing\\Router->runRouteWithinStack(Object(Illuminate\\Routing\\Route), Object(Illuminate\\Http\\Request))
#16 C:\\Users\\Med Raslen\\Desktop\\UltimatePOS_v6.5\\vendor\\laravel\\framework\\src\\Illuminate\\Routing\\Router.php(740): Illuminate\\Routing\\Router->runRoute(Object(Illuminate\\Http\\Request), Object(Illuminate\\Routing\\Route))
#17 C:\\Users\\Med Raslen\\Desktop\\UltimatePOS_v6.5\\vendor\\laravel\\framework\\src\\Illuminate\\Routing\\Router.php(729): Illuminate\\Routing\\Router->dispatchToRoute(Object(Illuminate\\Http\\Request))
#18 C:\\Users\\Med Raslen\\Desktop\\UltimatePOS_v6.5\\vendor\\laravel\\framework\\src\\Illuminate\\Foundation\\Http\\Kernel.php(190): Illuminate\\Routing\\Router->dispatch(Object(Illuminate\\Http\\Request))
#19 C:\\Users\\Med Raslen\\Desktop\\UltimatePOS_v6.5\\vendor\\laravel\\framework\\src\\Illuminate\\Pipeline\\Pipeline.php(141): Illuminate\\Foundation\\Http\\Kernel->Illuminate\\Foundation\\Http\\{closure}(Object(Illuminate\\Http\\Request))
#20 C:\\Users\\Med Raslen\\Desktop\\UltimatePOS_v6.5\\vendor\\barryvdh\\laravel-debugbar\\src\\Middleware\\InjectDebugbar.php(66): Illuminate\\Pipeline\\Pipeline->Illuminate\\Pipeline\\{closure}(Object(Illuminate\\Http\\Request))
#21 C:\\Users\\Med Raslen\\Desktop\\UltimatePOS_v6.5\\vendor\\laravel\\framework\\src\\Illuminate\\Pipeline\\Pipeline.php(180): Barryvdh\\Debugbar\\Middleware\\InjectDebugbar->handle(Object(Illuminate\\Http\\Request), Object(Closure))
#22 C:\\Users\\Med Raslen\\Desktop\\UltimatePOS_v6.5\\vendor\\laravel\\framework\\src\\Illuminate\\Foundation\\Http\\Middleware\\TransformsRequest.php(21): Illuminate\\Pipeline\\Pipeline->Illuminate\\Pipeline\\{closure}(Object(Illuminate\\Http\\Request))
#23 C:\\Users\\Med Raslen\\Desktop\\UltimatePOS_v6.5\\vendor\\laravel\\framework\\src\\Illuminate\\Foundation\\Http\\Middleware\\ConvertEmptyStringsToNull.php(31): Illuminate\\Foundation\\Http\\Middleware\\TransformsRequest->handle(Object(Illuminate\\Http\\Request), Object(Closure))
#24 C:\\Users\\Med Raslen\\Desktop\\UltimatePOS_v6.5\\vendor\\laravel\\framework\\src\\Illuminate\\Pipeline\\Pipeline.php(180): Illuminate\\Foundation\\Http\\Middleware\\ConvertEmptyStringsToNull->handle(Object(Illuminate\\Http\\Request), Object(Closure))
#25 C:\\Users\\Med Raslen\\Desktop\\UltimatePOS_v6.5\\vendor\\laravel\\framework\\src\\Illuminate\\Foundation\\Http\\Middleware\\TransformsRequest.php(21): Illuminate\\Pipeline\\Pipeline->Illuminate\\Pipeline\\{closure}(Object(Illuminate\\Http\\Request))
#26 C:\\Users\\Med Raslen\\Desktop\\UltimatePOS_v6.5\\vendor\\laravel\\framework\\src\\Illuminate\\Foundation\\Http\\Middleware\\TrimStrings.php(40): Illuminate\\Foundation\\Http\\Middleware\\TransformsRequest->handle(Object(Illuminate\\Http\\Request), Object(Closure))
#27 C:\\Users\\Med Raslen\\Desktop\\UltimatePOS_v6.5\\vendor\\laravel\\framework\\src\\Illuminate\\Pipeline\\Pipeline.php(180): Illuminate\\Foundation\\Http\\Middleware\\TrimStrings->handle(Object(Illuminate\\Http\\Request), Object(Closure))
#28 C:\\Users\\Med Raslen\\Desktop\\UltimatePOS_v6.5\\vendor\\laravel\\framework\\src\\Illuminate\\Foundation\\Http\\Middleware\\ValidatePostSize.php(27): Illuminate\\Pipeline\\Pipeline->Illuminate\\Pipeline\\{closure}(Object(Illuminate\\Http\\Request))
#29 C:\\Users\\Med Raslen\\Desktop\\UltimatePOS_v6.5\\vendor\\laravel\\framework\\src\\Illuminate\\Pipeline\\Pipeline.php(180): Illuminate\\Foundation\\Http\\Middleware\\ValidatePostSize->handle(Object(Illuminate\\Http\\Request), Object(Closure))
#30 C:\\Users\\Med Raslen\\Desktop\\UltimatePOS_v6.5\\vendor\\laravel\\framework\\src\\Illuminate\\Foundation\\Http\\Middleware\\PreventRequestsDuringMaintenance.php(86): Illuminate\\Pipeline\\Pipeline->Illuminate\\Pipeline\\{closure}(Object(Illuminate\\Http\\Request))
#31 C:\\Users\\Med Raslen\\Desktop\\UltimatePOS_v6.5\\vendor\\laravel\\framework\\src\\Illuminate\\Pipeline\\Pipeline.php(180): Illuminate\\Foundation\\Http\\Middleware\\PreventRequestsDuringMaintenance->handle(Object(Illuminate\\Http\\Request), Object(Closure))
#32 C:\\Users\\Med Raslen\\Desktop\\UltimatePOS_v6.5\\vendor\\laravel\\framework\\src\\Illuminate\\Http\\Middleware\\HandleCors.php(49): Illuminate\\Pipeline\\Pipeline->Illuminate\\Pipeline\\{closure}(Object(Illuminate\\Http\\Request))
#33 C:\\Users\\Med Raslen\\Desktop\\UltimatePOS_v6.5\\vendor\\laravel\\framework\\src\\Illuminate\\Pipeline\\Pipeline.php(180): Illuminate\\Http\\Middleware\\HandleCors->handle(Object(Illuminate\\Http\\Request), Object(Closure))
#34 C:\\Users\\Med Raslen\\Desktop\\UltimatePOS_v6.5\\vendor\\laravel\\framework\\src\\Illuminate\\Http\\Middleware\\TrustProxies.php(39): Illuminate\\Pipeline\\Pipeline->Illuminate\\Pipeline\\{closure}(Object(Illuminate\\Http\\Request))
#35 C:\\Users\\Med Raslen\\Desktop\\UltimatePOS_v6.5\\vendor\\laravel\\framework\\src\\Illuminate\\Pipeline\\Pipeline.php(180): Illuminate\\Http\\Middleware\\TrustProxies->handle(Object(Illuminate\\Http\\Request), Object(Closure))
#36 C:\\Users\\Med Raslen\\Desktop\\UltimatePOS_v6.5\\vendor\\laravel\\framework\\src\\Illuminate\\Pipeline\\Pipeline.php(116): Illuminate\\Pipeline\\Pipeline->Illuminate\\Pipeline\\{closure}(Object(Illuminate\\Http\\Request))
#37 C:\\Users\\Med Raslen\\Desktop\\UltimatePOS_v6.5\\vendor\\laravel\\framework\\src\\Illuminate\\Foundation\\Http\\Kernel.php(165): Illuminate\\Pipeline\\Pipeline->then(Object(Closure))
#38 C:\\Users\\Med Raslen\\Desktop\\UltimatePOS_v6.5\\vendor\\laravel\\framework\\src\\Illuminate\\Foundation\\Http\\Kernel.php(134): Illuminate\\Foundation\\Http\\Kernel->sendRequestThroughRouter(Object(Illuminate\\Http\\Request))
#39 C:\\Users\\Med Raslen\\Desktop\\UltimatePOS_v6.5\\public\\index.php(52): Illuminate\\Foundation\\Http\\Kernel->handle(Object(Illuminate\\Http\\Request))
#40 C:\\Users\\Med Raslen\\Desktop\\UltimatePOS_v6.5\\vendor\\laravel\\framework\\src\\Illuminate\\Foundation\\resources\\server.php(16): require_once('C:\\\\Users\\\\Med Ra...')
#41 {main}
"} 
[2025-07-10 01:08:53] local.EMERGENCY: File:C:\Users\Med Raslen\Desktop\UltimatePOS_v6.5\app\User.phpLine:86Message:Undefined array key "surname"  
[2025-07-10 01:10:18] local.EMERGENCY: File:C:\Users\Med Raslen\Desktop\UltimatePOS_v6.5\app\User.phpLine:86Message:Undefined array key "surname"  
